// Jest Snapshot v1, https://goo.gl/fbAQLP

exports[`<Square /> should match snapshot 1`] = `
<div
  class="Square Square1"
  data-testid="Square"
/>
`;
