// Jest Snapshot v1, https://goo.gl/fbAQLP

exports[`<Image /> should match snapshot 1`] = `
<img
  alt="img"
  src="./img/img.png"
/>
`;
